[2020-09-25T23:04:21.722+0800][gc,heap] Heap region size: 1M
[2020-09-25T23:04:21.723+0800][gc,heap,coops] Heap address: 0x00000007c0000000, size: 1024 MB, Compressed Oops mode: Zero based, Oop shift amount: 3
[2020-09-25T23:04:21.733+0800][gc           ] Using G1
[2020-09-25T23:04:21.733+0800][gc,cds       ] Mark closed archive regions in map: [0x00000007fff00000, 0x00000007fff7aff8]
[2020-09-25T23:04:21.734+0800][gc,cds       ] Mark open archive regions in map: [0x00000007ffe00000, 0x00000007ffe50ff8]
[2020-09-25T23:04:21.753+0800][gc           ] Periodic GC disabled
[2020-09-25T23:04:23.749+0800][gc,start     ] GC(0) Pause Young (Normal) (G1 Evacuation Pause)
[2020-09-25T23:04:23.749+0800][gc,task      ] GC(0) Using 4 workers of 4 for evacuation
[2020-09-25T23:04:23.757+0800][gc,phases    ] GC(0)   Pre Evacuate Collection Set: 0.1ms
[2020-09-25T23:04:23.757+0800][gc,phases    ] GC(0)   Merge Heap Roots: 0.0ms
[2020-09-25T23:04:23.757+0800][gc,phases    ] GC(0)   Evacuate Collection Set: 6.9ms
[2020-09-25T23:04:23.757+0800][gc,phases    ] GC(0)   Post Evacuate Collection Set: 0.6ms
[2020-09-25T23:04:23.757+0800][gc,phases    ] GC(0)   Other: 0.5ms
[2020-09-25T23:04:23.757+0800][gc,heap      ] GC(0) Eden regions: 51->0(45)
[2020-09-25T23:04:23.757+0800][gc,heap      ] GC(0) Survivor regions: 0->6(7)
[2020-09-25T23:04:23.757+0800][gc,heap      ] GC(0) Old regions: 0->0
[2020-09-25T23:04:23.757+0800][gc,heap      ] GC(0) Archive regions: 2->2
[2020-09-25T23:04:23.757+0800][gc,heap      ] GC(0) Humongous regions: 0->0
[2020-09-25T23:04:23.757+0800][gc,metaspace ] GC(0) Metaspace: 15287K(15872K)->15287K(15872K) NonClass: 13181K(13568K)->13181K(13568K) Class: 2105K(2304K)->2105K(2304K)
[2020-09-25T23:04:23.757+0800][gc           ] GC(0) Pause Young (Normal) (G1 Evacuation Pause) 51M->6M(1024M) 8.490ms
[2020-09-25T23:04:23.757+0800][gc,cpu       ] GC(0) User=0.02s Sys=0.01s Real=0.01s
[2020-09-25T23:04:24.713+0800][gc,start     ] GC(1) Pause Young (Concurrent Start) (Metadata GC Threshold)
[2020-09-25T23:04:24.714+0800][gc,task      ] GC(1) Using 4 workers of 4 for evacuation
[2020-09-25T23:04:24.721+0800][gc,phases    ] GC(1)   Pre Evacuate Collection Set: 0.1ms
[2020-09-25T23:04:24.721+0800][gc,phases    ] GC(1)   Merge Heap Roots: 0.0ms
[2020-09-25T23:04:24.721+0800][gc,phases    ] GC(1)   Evacuate Collection Set: 7.0ms
[2020-09-25T23:04:24.721+0800][gc,phases    ] GC(1)   Post Evacuate Collection Set: 0.4ms
[2020-09-25T23:04:24.721+0800][gc,phases    ] GC(1)   Other: 0.3ms
[2020-09-25T23:04:24.721+0800][gc,heap      ] GC(1) Eden regions: 23->0(50)
[2020-09-25T23:04:24.721+0800][gc,heap      ] GC(1) Survivor regions: 6->1(7)
[2020-09-25T23:04:24.721+0800][gc,heap      ] GC(1) Old regions: 0->6
[2020-09-25T23:04:24.721+0800][gc,heap      ] GC(1) Archive regions: 2->2
[2020-09-25T23:04:24.721+0800][gc,heap      ] GC(1) Humongous regions: 0->0
[2020-09-25T23:04:24.721+0800][gc,metaspace ] GC(1) Metaspace: 20684K(21248K)->20684K(21248K) NonClass: 17847K(18176K)->17847K(18176K) Class: 2836K(3072K)->2836K(3072K)
[2020-09-25T23:04:24.721+0800][gc           ] GC(1) Pause Young (Concurrent Start) (Metadata GC Threshold) 29M->7M(1024M) 8.063ms
[2020-09-25T23:04:24.722+0800][gc,cpu       ] GC(1) User=0.02s Sys=0.00s Real=0.01s
[2020-09-25T23:04:24.722+0800][gc           ] GC(2) Concurrent Cycle
[2020-09-25T23:04:24.722+0800][gc,marking   ] GC(2) Concurrent Clear Claimed Marks
[2020-09-25T23:04:24.722+0800][gc,marking   ] GC(2) Concurrent Clear Claimed Marks 0.044ms
[2020-09-25T23:04:24.722+0800][gc,marking   ] GC(2) Concurrent Scan Root Regions
[2020-09-25T23:04:24.731+0800][gc,marking   ] GC(2) Concurrent Scan Root Regions 8.919ms
[2020-09-25T23:04:24.731+0800][gc,marking   ] GC(2) Concurrent Mark (3.018s)
[2020-09-25T23:04:24.731+0800][gc,marking   ] GC(2) Concurrent Mark From Roots
[2020-09-25T23:04:24.731+0800][gc,task      ] GC(2) Using 1 workers of 1 for marking
[2020-09-25T23:04:24.733+0800][gc,marking   ] GC(2) Concurrent Mark From Roots 2.307ms
[2020-09-25T23:04:24.733+0800][gc,marking   ] GC(2) Concurrent Preclean
[2020-09-25T23:04:24.733+0800][gc,marking   ] GC(2) Concurrent Preclean 0.044ms
[2020-09-25T23:04:24.733+0800][gc,marking   ] GC(2) Concurrent Mark (3.018s, 3.020s) 2.484ms
[2020-09-25T23:04:24.733+0800][gc,start     ] GC(2) Pause Remark
[2020-09-25T23:04:24.735+0800][gc           ] GC(2) Pause Remark 8M->8M(1024M) 1.917ms
[2020-09-25T23:04:24.735+0800][gc,cpu       ] GC(2) User=0.00s Sys=0.00s Real=0.00s
[2020-09-25T23:04:24.738+0800][gc,marking   ] GC(2) Concurrent Rebuild Remembered Sets
[2020-09-25T23:04:24.746+0800][gc,marking   ] GC(2) Concurrent Rebuild Remembered Sets 7.620ms
[2020-09-25T23:04:24.746+0800][gc,start     ] GC(2) Pause Cleanup
[2020-09-25T23:04:24.747+0800][gc           ] GC(2) Pause Cleanup 8M->8M(1024M) 0.281ms
[2020-09-25T23:04:24.747+0800][gc,cpu       ] GC(2) User=0.00s Sys=0.00s Real=0.00s
[2020-09-25T23:04:24.747+0800][gc,marking   ] GC(2) Concurrent Cleanup for Next Mark
[2020-09-25T23:04:24.762+0800][gc,marking   ] GC(2) Concurrent Cleanup for Next Mark 15.416ms
[2020-09-25T23:04:24.762+0800][gc           ] GC(2) Concurrent Cycle 40.709ms
[2020-09-25T23:04:26.401+0800][gc,start     ] GC(3) Pause Young (Normal) (G1 Evacuation Pause)
[2020-09-25T23:04:26.401+0800][gc,task      ] GC(3) Using 4 workers of 4 for evacuation
[2020-09-25T23:04:26.410+0800][gc,phases    ] GC(3)   Pre Evacuate Collection Set: 0.3ms
[2020-09-25T23:04:26.410+0800][gc,phases    ] GC(3)   Merge Heap Roots: 0.0ms
[2020-09-25T23:04:26.410+0800][gc,phases    ] GC(3)   Evacuate Collection Set: 8.0ms
[2020-09-25T23:04:26.410+0800][gc,phases    ] GC(3)   Post Evacuate Collection Set: 0.6ms
[2020-09-25T23:04:26.410+0800][gc,phases    ] GC(3)   Other: 0.4ms
[2020-09-25T23:04:26.410+0800][gc,heap      ] GC(3) Eden regions: 50->0(46)
[2020-09-25T23:04:26.410+0800][gc,heap      ] GC(3) Survivor regions: 1->5(7)
[2020-09-25T23:04:26.410+0800][gc,heap      ] GC(3) Old regions: 6->6
[2020-09-25T23:04:26.410+0800][gc,heap      ] GC(3) Archive regions: 2->2
[2020-09-25T23:04:26.410+0800][gc,heap      ] GC(3) Humongous regions: 129->129
[2020-09-25T23:04:26.410+0800][gc,metaspace ] GC(3) Metaspace: 28755K(29948K)->28755K(29948K) NonClass: 25088K(25856K)->25088K(25856K) Class: 3667K(4092K)->3667K(4092K)
[2020-09-25T23:04:26.410+0800][gc           ] GC(3) Pause Young (Normal) (G1 Evacuation Pause) 186M->140M(1024M) 9.468ms
[2020-09-25T23:04:26.410+0800][gc,cpu       ] GC(3) User=0.03s Sys=0.00s Real=0.01s
[2020-09-25T23:04:27.114+0800][gc,start     ] GC(4) Pause Young (Concurrent Start) (Metadata GC Threshold)
[2020-09-25T23:04:27.114+0800][gc,task      ] GC(4) Using 4 workers of 4 for evacuation
[2020-09-25T23:04:27.123+0800][gc,phases    ] GC(4)   Pre Evacuate Collection Set: 0.2ms
[2020-09-25T23:04:27.123+0800][gc,phases    ] GC(4)   Merge Heap Roots: 0.0ms
[2020-09-25T23:04:27.123+0800][gc,phases    ] GC(4)   Evacuate Collection Set: 7.6ms
[2020-09-25T23:04:27.123+0800][gc,phases    ] GC(4)   Post Evacuate Collection Set: 0.5ms
[2020-09-25T23:04:27.123+0800][gc,phases    ] GC(4)   Other: 0.2ms
[2020-09-25T23:04:27.123+0800][gc,heap      ] GC(4) Eden regions: 27->0(49)
[2020-09-25T23:04:27.123+0800][gc,heap      ] GC(4) Survivor regions: 5->2(7)
[2020-09-25T23:04:27.123+0800][gc,heap      ] GC(4) Old regions: 6->11
[2020-09-25T23:04:27.123+0800][gc,heap      ] GC(4) Archive regions: 2->2
[2020-09-25T23:04:27.123+0800][gc,heap      ] GC(4) Humongous regions: 129->129
[2020-09-25T23:04:27.123+0800][gc,metaspace ] GC(4) Metaspace: 34607K(35964K)->34607K(35964K) NonClass: 30273K(30976K)->30273K(30976K) Class: 4333K(4988K)->4333K(4988K)
[2020-09-25T23:04:27.123+0800][gc           ] GC(4) Pause Young (Concurrent Start) (Metadata GC Threshold) 166M->142M(1024M) 8.742ms
[2020-09-25T23:04:27.123+0800][gc,cpu       ] GC(4) User=0.03s Sys=0.01s Real=0.01s
[2020-09-25T23:04:27.123+0800][gc           ] GC(5) Concurrent Cycle
[2020-09-25T23:04:27.123+0800][gc,marking   ] GC(5) Concurrent Clear Claimed Marks
[2020-09-25T23:04:27.123+0800][gc,marking   ] GC(5) Concurrent Clear Claimed Marks 0.114ms
[2020-09-25T23:04:27.123+0800][gc,marking   ] GC(5) Concurrent Scan Root Regions
[2020-09-25T23:04:27.132+0800][gc,marking   ] GC(5) Concurrent Scan Root Regions 8.952ms
[2020-09-25T23:04:27.132+0800][gc,marking   ] GC(5) Concurrent Mark (5.419s)
[2020-09-25T23:04:27.132+0800][gc,marking   ] GC(5) Concurrent Mark From Roots
[2020-09-25T23:04:27.132+0800][gc,task      ] GC(5) Using 1 workers of 1 for marking
[2020-09-25T23:04:27.149+0800][gc,marking   ] GC(5) Concurrent Mark From Roots 16.360ms
[2020-09-25T23:04:27.149+0800][gc,marking   ] GC(5) Concurrent Preclean
[2020-09-25T23:04:27.149+0800][gc,marking   ] GC(5) Concurrent Preclean 0.099ms
[2020-09-25T23:04:27.149+0800][gc,marking   ] GC(5) Concurrent Mark (5.419s, 5.436s) 16.577ms
[2020-09-25T23:04:27.149+0800][gc,start     ] GC(5) Pause Remark
[2020-09-25T23:04:27.151+0800][gc           ] GC(5) Pause Remark 144M->144M(1024M) 2.094ms
[2020-09-25T23:04:27.151+0800][gc,cpu       ] GC(5) User=0.00s Sys=0.00s Real=0.01s
[2020-09-25T23:04:27.161+0800][gc,marking   ] GC(5) Concurrent Rebuild Remembered Sets
[2020-09-25T23:04:27.176+0800][gc,marking   ] GC(5) Concurrent Rebuild Remembered Sets 14.571ms
[2020-09-25T23:04:27.176+0800][gc,start     ] GC(5) Pause Cleanup
[2020-09-25T23:04:27.177+0800][gc           ] GC(5) Pause Cleanup 146M->146M(1024M) 0.313ms
[2020-09-25T23:04:27.177+0800][gc,cpu       ] GC(5) User=0.00s Sys=0.00s Real=0.00s
[2020-09-25T23:04:27.187+0800][gc,marking   ] GC(5) Concurrent Cleanup for Next Mark
[2020-09-25T23:04:27.199+0800][gc,marking   ] GC(5) Concurrent Cleanup for Next Mark 11.843ms
[2020-09-25T23:04:27.199+0800][gc           ] GC(5) Concurrent Cycle 75.914ms
[2020-09-25T23:04:48.494+0800][gc,heap,exit ] Heap
[2020-09-25T23:04:48.495+0800][gc,heap,exit ]  garbage-first heap   total 1048576K, used 212168K [0x00000007c0000000, 0x0000000800000000)
[2020-09-25T23:04:48.495+0800][gc,heap,exit ]   region size 1024K, 27 young (27648K), 2 survivors (2048K)
[2020-09-25T23:04:48.495+0800][gc,heap,exit ]  Metaspace       used 37245K, capacity 39037K, committed 39164K, reserved 1083392K
[2020-09-25T23:04:48.495+0800][gc,heap,exit ]   class space    used 4929K, capacity 5785K, committed 5884K, reserved 1048576K
