[2020-09-25T23:04:02.108+0800][gc,heap] Heap region size: 1M
[2020-09-25T23:04:02.108+0800][gc,heap,coops] Heap address: 0x00000007c0000000, size: 1024 MB, Compressed Oops mode: Zero based, Oop shift amount: 3
[2020-09-25T23:04:02.119+0800][gc           ] Using G1
[2020-09-25T23:04:02.120+0800][gc,cds       ] Mark closed archive regions in map: [0x00000007fff00000, 0x00000007fff7aff8]
[2020-09-25T23:04:02.120+0800][gc,cds       ] Mark open archive regions in map: [0x00000007ffe00000, 0x00000007ffe50ff8]
[2020-09-25T23:04:02.156+0800][gc           ] Periodic GC disabled
[2020-09-25T23:04:04.164+0800][gc,start     ] GC(0) Pause Young (Normal) (G1 Evacuation Pause)
[2020-09-25T23:04:04.165+0800][gc,task      ] GC(0) Using 4 workers of 4 for evacuation
[2020-09-25T23:04:04.175+0800][gc,phases    ] GC(0)   Pre Evacuate Collection Set: 0.1ms
[2020-09-25T23:04:04.175+0800][gc,phases    ] GC(0)   Merge Heap Roots: 0.1ms
[2020-09-25T23:04:04.175+0800][gc,phases    ] GC(0)   Evacuate Collection Set: 9.0ms
[2020-09-25T23:04:04.175+0800][gc,phases    ] GC(0)   Post Evacuate Collection Set: 0.6ms
[2020-09-25T23:04:04.175+0800][gc,phases    ] GC(0)   Other: 0.4ms
[2020-09-25T23:04:04.175+0800][gc,heap      ] GC(0) Eden regions: 51->0(44)
[2020-09-25T23:04:04.175+0800][gc,heap      ] GC(0) Survivor regions: 0->7(7)
[2020-09-25T23:04:04.175+0800][gc,heap      ] GC(0) Old regions: 0->0
[2020-09-25T23:04:04.175+0800][gc,heap      ] GC(0) Archive regions: 2->2
[2020-09-25T23:04:04.175+0800][gc,heap      ] GC(0) Humongous regions: 0->0
[2020-09-25T23:04:04.175+0800][gc,metaspace ] GC(0) Metaspace: 15776K(16512K)->15776K(16512K) NonClass: 13628K(14080K)->13628K(14080K) Class: 2148K(2432K)->2148K(2432K)
[2020-09-25T23:04:04.175+0800][gc           ] GC(0) Pause Young (Normal) (G1 Evacuation Pause) 51M->6M(1024M) 10.478ms
[2020-09-25T23:04:04.175+0800][gc,cpu       ] GC(0) User=0.02s Sys=0.00s Real=0.01s
[2020-09-25T23:04:04.720+0800][gc,start     ] GC(1) Pause Young (Concurrent Start) (Metadata GC Threshold)
[2020-09-25T23:04:04.720+0800][gc,task      ] GC(1) Using 4 workers of 4 for evacuation
[2020-09-25T23:04:04.729+0800][gc,phases    ] GC(1)   Pre Evacuate Collection Set: 0.1ms
[2020-09-25T23:04:04.729+0800][gc,phases    ] GC(1)   Merge Heap Roots: 0.0ms
[2020-09-25T23:04:04.729+0800][gc,phases    ] GC(1)   Evacuate Collection Set: 8.1ms
[2020-09-25T23:04:04.729+0800][gc,phases    ] GC(1)   Post Evacuate Collection Set: 0.6ms
[2020-09-25T23:04:04.729+0800][gc,phases    ] GC(1)   Other: 0.2ms
[2020-09-25T23:04:04.729+0800][gc,heap      ] GC(1) Eden regions: 21->0(50)
[2020-09-25T23:04:04.729+0800][gc,heap      ] GC(1) Survivor regions: 7->1(7)
[2020-09-25T23:04:04.729+0800][gc,heap      ] GC(1) Old regions: 0->6
[2020-09-25T23:04:04.729+0800][gc,heap      ] GC(1) Archive regions: 2->2
[2020-09-25T23:04:04.729+0800][gc,heap      ] GC(1) Humongous regions: 0->0
[2020-09-25T23:04:04.729+0800][gc,metaspace ] GC(1) Metaspace: 20677K(21248K)->20677K(21248K) NonClass: 17845K(18176K)->17845K(18176K) Class: 2831K(3072K)->2831K(3072K)
[2020-09-25T23:04:04.729+0800][gc           ] GC(1) Pause Young (Concurrent Start) (Metadata GC Threshold) 27M->7M(1024M) 9.327ms
[2020-09-25T23:04:04.729+0800][gc,cpu       ] GC(1) User=0.02s Sys=0.01s Real=0.00s
[2020-09-25T23:04:04.729+0800][gc           ] GC(2) Concurrent Cycle
[2020-09-25T23:04:04.729+0800][gc,marking   ] GC(2) Concurrent Clear Claimed Marks
[2020-09-25T23:04:04.729+0800][gc,marking   ] GC(2) Concurrent Clear Claimed Marks 0.064ms
[2020-09-25T23:04:04.729+0800][gc,marking   ] GC(2) Concurrent Scan Root Regions
[2020-09-25T23:04:04.738+0800][gc,marking   ] GC(2) Concurrent Scan Root Regions 8.931ms
[2020-09-25T23:04:04.738+0800][gc,marking   ] GC(2) Concurrent Mark (2.649s)
[2020-09-25T23:04:04.738+0800][gc,marking   ] GC(2) Concurrent Mark From Roots
[2020-09-25T23:04:04.738+0800][gc,task      ] GC(2) Using 1 workers of 1 for marking
[2020-09-25T23:04:04.742+0800][gc,marking   ] GC(2) Concurrent Mark From Roots 3.288ms
[2020-09-25T23:04:04.742+0800][gc,marking   ] GC(2) Concurrent Preclean
[2020-09-25T23:04:04.742+0800][gc,marking   ] GC(2) Concurrent Preclean 0.046ms
[2020-09-25T23:04:04.742+0800][gc,marking   ] GC(2) Concurrent Mark (2.649s, 2.652s) 3.617ms
[2020-09-25T23:04:04.745+0800][gc,start     ] GC(2) Pause Remark
[2020-09-25T23:04:04.752+0800][gc           ] GC(2) Pause Remark 8M->8M(1024M) 6.975ms
[2020-09-25T23:04:04.752+0800][gc,cpu       ] GC(2) User=0.01s Sys=0.00s Real=0.01s
[2020-09-25T23:04:04.752+0800][gc,marking   ] GC(2) Concurrent Rebuild Remembered Sets
[2020-09-25T23:04:04.758+0800][gc,marking   ] GC(2) Concurrent Rebuild Remembered Sets 6.114ms
[2020-09-25T23:04:04.759+0800][gc,start     ] GC(2) Pause Cleanup
[2020-09-25T23:04:04.759+0800][gc           ] GC(2) Pause Cleanup 8M->8M(1024M) 0.157ms
[2020-09-25T23:04:04.759+0800][gc,cpu       ] GC(2) User=0.00s Sys=0.00s Real=0.00s
[2020-09-25T23:04:04.759+0800][gc,marking   ] GC(2) Concurrent Cleanup for Next Mark
[2020-09-25T23:04:04.771+0800][gc,marking   ] GC(2) Concurrent Cleanup for Next Mark 12.242ms
[2020-09-25T23:04:04.771+0800][gc           ] GC(2) Concurrent Cycle 42.062ms
[2020-09-25T23:04:06.739+0800][gc,start     ] GC(3) Pause Young (Normal) (G1 Evacuation Pause)
[2020-09-25T23:04:06.739+0800][gc,task      ] GC(3) Using 4 workers of 4 for evacuation
[2020-09-25T23:04:06.745+0800][gc,phases    ] GC(3)   Pre Evacuate Collection Set: 0.1ms
[2020-09-25T23:04:06.745+0800][gc,phases    ] GC(3)   Merge Heap Roots: 0.1ms
[2020-09-25T23:04:06.745+0800][gc,phases    ] GC(3)   Evacuate Collection Set: 5.0ms
[2020-09-25T23:04:06.745+0800][gc,phases    ] GC(3)   Post Evacuate Collection Set: 0.4ms
[2020-09-25T23:04:06.745+0800][gc,phases    ] GC(3)   Other: 0.2ms
[2020-09-25T23:04:06.745+0800][gc,heap      ] GC(3) Eden regions: 50->0(46)
[2020-09-25T23:04:06.745+0800][gc,heap      ] GC(3) Survivor regions: 1->5(7)
[2020-09-25T23:04:06.745+0800][gc,heap      ] GC(3) Old regions: 6->6
[2020-09-25T23:04:06.745+0800][gc,heap      ] GC(3) Archive regions: 2->2
[2020-09-25T23:04:06.745+0800][gc,heap      ] GC(3) Humongous regions: 129->129
[2020-09-25T23:04:06.745+0800][gc,metaspace ] GC(3) Metaspace: 28347K(29564K)->28347K(29564K) NonClass: 24763K(25600K)->24763K(25600K) Class: 3583K(3964K)->3583K(3964K)
[2020-09-25T23:04:06.745+0800][gc           ] GC(3) Pause Young (Normal) (G1 Evacuation Pause) 186M->140M(1024M) 5.969ms
[2020-09-25T23:04:06.745+0800][gc,cpu       ] GC(3) User=0.02s Sys=0.00s Real=0.01s
[2020-09-25T23:04:10.603+0800][gc,heap,exit ] Heap
[2020-09-25T23:04:10.603+0800][gc,heap,exit ]  garbage-first heap   total 1048576K, used 155658K [0x00000007c0000000, 0x0000000800000000)
[2020-09-25T23:04:10.603+0800][gc,heap,exit ]   region size 1024K, 18 young (18432K), 5 survivors (5120K)
[2020-09-25T23:04:10.603+0800][gc,heap,exit ]  Metaspace       used 29930K, capacity 30996K, committed 31228K, reserved 1077248K
[2020-09-25T23:04:10.603+0800][gc,heap,exit ]   class space    used 3861K, capacity 4321K, committed 4348K, reserved 1048576K
