[2020-09-25T20:29:53.418+0800][gc,heap] Heap region size: 1M
[2020-09-25T20:29:53.419+0800][gc,heap,coops] Heap address: 0x00000007c0000000, size: 1024 MB, Compressed Oops mode: Zero based, Oop shift amount: 3
[2020-09-25T20:29:53.438+0800][gc           ] Using G1
[2020-09-25T20:29:53.438+0800][gc,cds       ] Mark closed archive regions in map: [0x00000007fff00000, 0x00000007fff7aff8]
[2020-09-25T20:29:53.438+0800][gc,cds       ] Mark open archive regions in map: [0x00000007ffe00000, 0x00000007ffe50ff8]
[2020-09-25T20:29:53.469+0800][gc           ] Periodic GC disabled
[2020-09-25T20:29:55.583+0800][gc,start     ] GC(0) Pause Young (Normal) (G1 Evacuation Pause)
[2020-09-25T20:29:55.583+0800][gc,task      ] GC(0) Using 4 workers of 4 for evacuation
[2020-09-25T20:29:55.594+0800][gc,phases    ] GC(0)   Pre Evacuate Collection Set: 0.1ms
[2020-09-25T20:29:55.594+0800][gc,phases    ] GC(0)   Merge Heap Roots: 0.0ms
[2020-09-25T20:29:55.594+0800][gc,phases    ] GC(0)   Evacuate Collection Set: 10.4ms
[2020-09-25T20:29:55.594+0800][gc,phases    ] GC(0)   Post Evacuate Collection Set: 0.5ms
[2020-09-25T20:29:55.594+0800][gc,phases    ] GC(0)   Other: 0.4ms
[2020-09-25T20:29:55.594+0800][gc,heap      ] GC(0) Eden regions: 51->0(44)
[2020-09-25T20:29:55.594+0800][gc,heap      ] GC(0) Survivor regions: 0->7(7)
[2020-09-25T20:29:55.594+0800][gc,heap      ] GC(0) Old regions: 0->0
[2020-09-25T20:29:55.594+0800][gc,heap      ] GC(0) Archive regions: 2->2
[2020-09-25T20:29:55.594+0800][gc,heap      ] GC(0) Humongous regions: 0->0
[2020-09-25T20:29:55.594+0800][gc,metaspace ] GC(0) Metaspace: 15275K(15872K)->15275K(15872K) NonClass: 13172K(13568K)->13172K(13568K) Class: 2102K(2304K)->2102K(2304K)
[2020-09-25T20:29:55.594+0800][gc           ] GC(0) Pause Young (Normal) (G1 Evacuation Pause) 51M->6M(1024M) 11.663ms
[2020-09-25T20:29:55.595+0800][gc,cpu       ] GC(0) User=0.02s Sys=0.00s Real=0.01s
[2020-09-25T20:29:56.114+0800][gc,start     ] GC(1) Pause Young (Concurrent Start) (Metadata GC Threshold)
[2020-09-25T20:29:56.114+0800][gc,task      ] GC(1) Using 4 workers of 4 for evacuation
[2020-09-25T20:29:56.123+0800][gc,phases    ] GC(1)   Pre Evacuate Collection Set: 0.1ms
[2020-09-25T20:29:56.123+0800][gc,phases    ] GC(1)   Merge Heap Roots: 0.0ms
[2020-09-25T20:29:56.124+0800][gc,phases    ] GC(1)   Evacuate Collection Set: 8.5ms
[2020-09-25T20:29:56.124+0800][gc,phases    ] GC(1)   Post Evacuate Collection Set: 0.6ms
[2020-09-25T20:29:56.124+0800][gc,phases    ] GC(1)   Other: 0.2ms
[2020-09-25T20:29:56.124+0800][gc,heap      ] GC(1) Eden regions: 22->0(50)
[2020-09-25T20:29:56.124+0800][gc,heap      ] GC(1) Survivor regions: 7->1(7)
[2020-09-25T20:29:56.124+0800][gc,heap      ] GC(1) Old regions: 0->6
[2020-09-25T20:29:56.124+0800][gc,heap      ] GC(1) Archive regions: 2->2
[2020-09-25T20:29:56.124+0800][gc,heap      ] GC(1) Humongous regions: 0->0
[2020-09-25T20:29:56.124+0800][gc,metaspace ] GC(1) Metaspace: 20560K(21248K)->20560K(21248K) NonClass: 17739K(18176K)->17739K(18176K) Class: 2821K(3072K)->2821K(3072K)
[2020-09-25T20:29:56.124+0800][gc           ] GC(1) Pause Young (Concurrent Start) (Metadata GC Threshold) 28M->7M(1024M) 9.784ms
[2020-09-25T20:29:56.124+0800][gc,cpu       ] GC(1) User=0.02s Sys=0.00s Real=0.01s
[2020-09-25T20:29:56.124+0800][gc           ] GC(2) Concurrent Cycle
[2020-09-25T20:29:56.124+0800][gc,marking   ] GC(2) Concurrent Clear Claimed Marks
[2020-09-25T20:29:56.124+0800][gc,marking   ] GC(2) Concurrent Clear Claimed Marks 0.055ms
[2020-09-25T20:29:56.124+0800][gc,marking   ] GC(2) Concurrent Scan Root Regions
[2020-09-25T20:29:56.130+0800][gc,marking   ] GC(2) Concurrent Scan Root Regions 6.498ms
[2020-09-25T20:29:56.130+0800][gc,marking   ] GC(2) Concurrent Mark (2.727s)
[2020-09-25T20:29:56.130+0800][gc,marking   ] GC(2) Concurrent Mark From Roots
[2020-09-25T20:29:56.130+0800][gc,task      ] GC(2) Using 1 workers of 1 for marking
[2020-09-25T20:29:56.136+0800][gc,marking   ] GC(2) Concurrent Mark From Roots 5.459ms
[2020-09-25T20:29:56.136+0800][gc,marking   ] GC(2) Concurrent Preclean
[2020-09-25T20:29:56.136+0800][gc,marking   ] GC(2) Concurrent Preclean 0.029ms
[2020-09-25T20:29:56.136+0800][gc,marking   ] GC(2) Concurrent Mark (2.727s, 2.733s) 5.603ms
[2020-09-25T20:29:56.136+0800][gc,start     ] GC(2) Pause Remark
[2020-09-25T20:29:56.137+0800][gc           ] GC(2) Pause Remark 7M->7M(1024M) 1.325ms
[2020-09-25T20:29:56.138+0800][gc,cpu       ] GC(2) User=0.01s Sys=0.00s Real=0.00s
[2020-09-25T20:29:56.144+0800][gc,marking   ] GC(2) Concurrent Rebuild Remembered Sets
[2020-09-25T20:29:56.150+0800][gc,marking   ] GC(2) Concurrent Rebuild Remembered Sets 6.127ms
[2020-09-25T20:29:56.151+0800][gc,start     ] GC(2) Pause Cleanup
[2020-09-25T20:29:56.151+0800][gc           ] GC(2) Pause Cleanup 8M->8M(1024M) 0.206ms
[2020-09-25T20:29:56.151+0800][gc,cpu       ] GC(2) User=0.00s Sys=0.00s Real=0.00s
[2020-09-25T20:29:56.152+0800][gc,marking   ] GC(2) Concurrent Cleanup for Next Mark
[2020-09-25T20:29:56.165+0800][gc,marking   ] GC(2) Concurrent Cleanup for Next Mark 13.222ms
[2020-09-25T20:29:56.165+0800][gc           ] GC(2) Concurrent Cycle 41.309ms
[2020-09-25T20:29:57.724+0800][gc,start     ] GC(3) Pause Young (Normal) (G1 Evacuation Pause)
[2020-09-25T20:29:57.724+0800][gc,task      ] GC(3) Using 4 workers of 4 for evacuation
[2020-09-25T20:29:57.736+0800][gc,phases    ] GC(3)   Pre Evacuate Collection Set: 0.2ms
[2020-09-25T20:29:57.736+0800][gc,phases    ] GC(3)   Merge Heap Roots: 0.1ms
[2020-09-25T20:29:57.736+0800][gc,phases    ] GC(3)   Evacuate Collection Set: 11.1ms
[2020-09-25T20:29:57.736+0800][gc,phases    ] GC(3)   Post Evacuate Collection Set: 0.9ms
[2020-09-25T20:29:57.736+0800][gc,phases    ] GC(3)   Other: 0.2ms
[2020-09-25T20:29:57.736+0800][gc,heap      ] GC(3) Eden regions: 50->0(46)
[2020-09-25T20:29:57.736+0800][gc,heap      ] GC(3) Survivor regions: 1->5(7)
[2020-09-25T20:29:57.736+0800][gc,heap      ] GC(3) Old regions: 6->6
[2020-09-25T20:29:57.736+0800][gc,heap      ] GC(3) Archive regions: 2->2
[2020-09-25T20:29:57.736+0800][gc,heap      ] GC(3) Humongous regions: 129->129
[2020-09-25T20:29:57.736+0800][gc,metaspace ] GC(3) Metaspace: 28350K(29696K)->28350K(29696K) NonClass: 24741K(25600K)->24741K(25600K) Class: 3608K(4096K)->3608K(4096K)
[2020-09-25T20:29:57.736+0800][gc           ] GC(3) Pause Young (Normal) (G1 Evacuation Pause) 186M->140M(1024M) 12.609ms
[2020-09-25T20:29:57.736+0800][gc,cpu       ] GC(3) User=0.02s Sys=0.00s Real=0.01s
[2020-09-25T20:29:58.508+0800][gc,start     ] GC(4) Pause Young (Concurrent Start) (Metadata GC Threshold)
[2020-09-25T20:29:58.508+0800][gc,task      ] GC(4) Using 4 workers of 4 for evacuation
[2020-09-25T20:29:58.516+0800][gc,phases    ] GC(4)   Pre Evacuate Collection Set: 0.2ms
[2020-09-25T20:29:58.516+0800][gc,phases    ] GC(4)   Merge Heap Roots: 0.1ms
[2020-09-25T20:29:58.516+0800][gc,phases    ] GC(4)   Evacuate Collection Set: 6.9ms
[2020-09-25T20:29:58.516+0800][gc,phases    ] GC(4)   Post Evacuate Collection Set: 0.6ms
[2020-09-25T20:29:58.516+0800][gc,phases    ] GC(4)   Other: 0.2ms
[2020-09-25T20:29:58.516+0800][gc,heap      ] GC(4) Eden regions: 28->0(45)
[2020-09-25T20:29:58.516+0800][gc,heap      ] GC(4) Survivor regions: 5->6(7)
[2020-09-25T20:29:58.516+0800][gc,heap      ] GC(4) Old regions: 6->7
[2020-09-25T20:29:58.516+0800][gc,heap      ] GC(4) Archive regions: 2->2
[2020-09-25T20:29:58.516+0800][gc,heap      ] GC(4) Humongous regions: 129->129
[2020-09-25T20:29:58.516+0800][gc,metaspace ] GC(4) Metaspace: 34492K(35840K)->34492K(35840K) NonClass: 30171K(30976K)->30171K(30976K) Class: 4320K(4864K)->4320K(4864K)
[2020-09-25T20:29:58.516+0800][gc           ] GC(4) Pause Young (Concurrent Start) (Metadata GC Threshold) 168M->141M(1024M) 8.234ms
[2020-09-25T20:29:58.516+0800][gc,cpu       ] GC(4) User=0.03s Sys=0.00s Real=0.01s
[2020-09-25T20:29:58.516+0800][gc           ] GC(5) Concurrent Cycle
[2020-09-25T20:29:58.516+0800][gc,marking   ] GC(5) Concurrent Clear Claimed Marks
[2020-09-25T20:29:58.516+0800][gc,marking   ] GC(5) Concurrent Clear Claimed Marks 0.089ms
[2020-09-25T20:29:58.516+0800][gc,marking   ] GC(5) Concurrent Scan Root Regions
[2020-09-25T20:29:58.525+0800][gc,marking   ] GC(5) Concurrent Scan Root Regions 8.858ms
[2020-09-25T20:29:58.525+0800][gc,marking   ] GC(5) Concurrent Mark (5.122s)
[2020-09-25T20:29:58.526+0800][gc,marking   ] GC(5) Concurrent Mark From Roots
[2020-09-25T20:29:58.526+0800][gc,task      ] GC(5) Using 1 workers of 1 for marking
[2020-09-25T20:29:58.542+0800][gc,marking   ] GC(5) Concurrent Mark From Roots 16.375ms
[2020-09-25T20:29:58.542+0800][gc,marking   ] GC(5) Concurrent Preclean
[2020-09-25T20:29:58.542+0800][gc,marking   ] GC(5) Concurrent Preclean 0.104ms
[2020-09-25T20:29:58.542+0800][gc,marking   ] GC(5) Concurrent Mark (5.122s, 5.139s) 16.630ms
[2020-09-25T20:29:58.542+0800][gc,start     ] GC(5) Pause Remark
[2020-09-25T20:29:58.544+0800][gc           ] GC(5) Pause Remark 142M->142M(1024M) 2.173ms
[2020-09-25T20:29:58.545+0800][gc,cpu       ] GC(5) User=0.01s Sys=0.00s Real=0.00s
[2020-09-25T20:29:58.555+0800][gc,marking   ] GC(5) Concurrent Rebuild Remembered Sets
[2020-09-25T20:29:58.566+0800][gc,marking   ] GC(5) Concurrent Rebuild Remembered Sets 10.848ms
[2020-09-25T20:29:58.566+0800][gc,start     ] GC(5) Pause Cleanup
[2020-09-25T20:29:58.566+0800][gc           ] GC(5) Pause Cleanup 143M->143M(1024M) 0.218ms
[2020-09-25T20:29:58.566+0800][gc,cpu       ] GC(5) User=0.01s Sys=0.00s Real=0.00s
[2020-09-25T20:29:58.577+0800][gc,marking   ] GC(5) Concurrent Cleanup for Next Mark
[2020-09-25T20:29:58.589+0800][gc,marking   ] GC(5) Concurrent Cleanup for Next Mark 12.361ms
[2020-09-25T20:29:58.589+0800][gc           ] GC(5) Concurrent Cycle 72.708ms
[2020-09-25T21:55:16.938+0800][gc,start     ] GC(6) Pause Young (Normal) (G1 Evacuation Pause)
[2020-09-25T21:55:16.940+0800][gc,task      ] GC(6) Using 4 workers of 4 for evacuation
[2020-09-25T21:55:16.986+0800][gc,mmu       ] GC(6) MMU target violated: 21.0ms (20.0ms/21.0ms)
[2020-09-25T21:55:16.986+0800][gc,phases    ] GC(6)   Pre Evacuate Collection Set: 2.2ms
[2020-09-25T21:55:16.986+0800][gc,phases    ] GC(6)   Merge Heap Roots: 0.2ms
[2020-09-25T21:55:16.986+0800][gc,phases    ] GC(6)   Evacuate Collection Set: 41.8ms
[2020-09-25T21:55:16.986+0800][gc,phases    ] GC(6)   Post Evacuate Collection Set: 1.6ms
[2020-09-25T21:55:16.986+0800][gc,phases    ] GC(6)   Other: 2.2ms
[2020-09-25T21:55:16.986+0800][gc,heap      ] GC(6) Eden regions: 45->0(48)
[2020-09-25T21:55:16.986+0800][gc,heap      ] GC(6) Survivor regions: 6->3(7)
[2020-09-25T21:55:16.986+0800][gc,heap      ] GC(6) Old regions: 7->11
[2020-09-25T21:55:16.986+0800][gc,heap      ] GC(6) Archive regions: 2->2
[2020-09-25T21:55:16.986+0800][gc,heap      ] GC(6) Humongous regions: 171->129
[2020-09-25T21:55:16.986+0800][gc,metaspace ] GC(6) Metaspace: 37192K(38912K)->37192K(38912K) NonClass: 32416K(33280K)->32416K(33280K) Class: 4776K(5632K)->4776K(5632K)
[2020-09-25T21:55:16.986+0800][gc           ] GC(6) Pause Young (Normal) (G1 Evacuation Pause) 228M->142M(1024M) 48.055ms
[2020-09-25T21:55:16.986+0800][gc,cpu       ] GC(6) User=0.04s Sys=0.10s Real=0.05s
